                                                           The SAS System                         15:46 Wednesday, June 24, 2026   1

                                                       The CONTENTS Procedure

             Data Set Name        WORK.DIAG_IMP                                            Observations          38855
             Member Type          DATA                                                     Variables             4    
             Engine               V9                                                       Indexes               0    
             Created              06/24/2026 15:46:16                                      Observation Length    104  
             Last Modified        06/24/2026 15:46:16                                      Deleted Observations  0    
             Protection                                                                    Compressed            NO   
             Data Set Type                                                                 Sorted                YES  
             Label                                                                                                    
             Data Representation  SOLARIS_X86_64, LINUX_X86_64, ALPHA_TRU64, LINUX_IA64                               
             Encoding             latin1  Western (ISO)                                                               


                                                 Engine/Host Dependent Information

                         Data Set Page Size          65536                                                 
                         Number of Data Set Pages    62                                                    
                         First Data Page             1                                                     
                         Max Obs per Page            629                                                   
                         Obs in First Data Page      607                                                   
                         Number of Data Set Repairs  0                                                     
                         Filename                    /tmp/SAS_work754D003EA7E6_cri22in004/diag_imp.sas7bdat
                         Release Created             9.0401M2                                              
                         Host Created                Linux                                                 
                         Inode Number                503321004                                             
                         Access Permission           rw-r-----                                             
                         Owner Name                  jessyjkn                                              
                         File Size (bytes)           4128768                                               


                                             Alphabetic List of Variables and Attributes
 
                                       #    Variable       Type    Len    Format     Informat

                                       3    DX             Char     10                       
                                       4    Dx_CodeType    Char      2                       
                                       2    patid          Char     80                       
                                       1    year           Num       8    BEST12.    BEST32. 


                                                         Sort Information

                                                Sortedby       patid DX Dx_CodeType
                                                Validated      YES                 
                                                Character Set  ASCII               
                                                Sort Option    NODUPKEY            
                                                           The SAS System                         15:46 Wednesday, June 24, 2026   2

                                                       The CONTENTS Procedure

             Data Set Name        WORK.DIAG_IMP                                            Observations          28062
             Member Type          DATA                                                     Variables             4    
             Engine               V9                                                       Indexes               0    
             Created              06/24/2026 15:46:18                                      Observation Length    104  
             Last Modified        06/24/2026 15:46:18                                      Deleted Observations  0    
             Protection                                                                    Compressed            NO   
             Data Set Type                                                                 Sorted                YES  
             Label                                                                                                    
             Data Representation  SOLARIS_X86_64, LINUX_X86_64, ALPHA_TRU64, LINUX_IA64                               
             Encoding             latin1  Western (ISO)                                                               


                                                 Engine/Host Dependent Information

                         Data Set Page Size          65536                                                 
                         Number of Data Set Pages    45                                                    
                         First Data Page             1                                                     
                         Max Obs per Page            629                                                   
                         Obs in First Data Page      607                                                   
                         Number of Data Set Repairs  0                                                     
                         Filename                    /tmp/SAS_work754D003EA7E6_cri22in004/diag_imp.sas7bdat
                         Release Created             9.0401M2                                              
                         Host Created                Linux                                                 
                         Inode Number                503321004                                             
                         Access Permission           rw-r-----                                             
                         Owner Name                  jessyjkn                                              
                         File Size (bytes)           3014656                                               


                                             Alphabetic List of Variables and Attributes
 
                                       #    Variable       Type    Len    Format     Informat

                                       3    DX             Char     10                       
                                       4    Dx_CodeType    Char      2                       
                                       2    patid          Char     80                       
                                       1    year           Num       8    BEST12.    BEST32. 


                                                         Sort Information

                                                Sortedby       patid DX Dx_CodeType
                                                Validated      YES                 
                                                Character Set  ASCII               
                                                Sort Option    NODUPKEY            
                                                           The SAS System                         15:46 Wednesday, June 24, 2026   3

                                                       The CONTENTS Procedure

             Data Set Name        WORK.DIAG_IMP                                            Observations          197452
             Member Type          DATA                                                     Variables             4     
             Engine               V9                                                       Indexes               0     
             Created              06/24/2026 15:46:32                                      Observation Length    104   
             Last Modified        06/24/2026 15:46:32                                      Deleted Observations  0     
             Protection                                                                    Compressed            NO    
             Data Set Type                                                                 Sorted                YES   
             Label                                                                                                     
             Data Representation  SOLARIS_X86_64, LINUX_X86_64, ALPHA_TRU64, LINUX_IA64                                
             Encoding             latin1  Western (ISO)                                                                


                                                 Engine/Host Dependent Information

                         Data Set Page Size          65536                                                 
                         Number of Data Set Pages    314                                                   
                         First Data Page             1                                                     
                         Max Obs per Page            629                                                   
                         Obs in First Data Page      607                                                   
                         Number of Data Set Repairs  0                                                     
                         Filename                    /tmp/SAS_work754D003EA7E6_cri22in004/diag_imp.sas7bdat
                         Release Created             9.0401M2                                              
                         Host Created                Linux                                                 
                         Inode Number                503321004                                             
                         Access Permission           rw-r-----                                             
                         Owner Name                  jessyjkn                                              
                         File Size (bytes)           20643840                                              


                                             Alphabetic List of Variables and Attributes
 
                                       #    Variable       Type    Len    Format     Informat

                                       3    DX             Char     10                       
                                       4    Dx_CodeType    Char      2                       
                                       2    patid          Char     80                       
                                       1    year           Num       8    BEST12.    BEST32. 


                                                         Sort Information

                                                Sortedby       patid DX Dx_CodeType
                                                Validated      YES                 
                                                Character Set  ASCII               
                                                Sort Option    NODUPKEY            
                                                           The SAS System                         15:46 Wednesday, June 24, 2026   4

                                                       The CONTENTS Procedure

             Data Set Name        WORK.DIAG_IMP                                            Observations          75893
             Member Type          DATA                                                     Variables             4    
             Engine               V9                                                       Indexes               0    
             Created              06/24/2026 15:46:37                                      Observation Length    104  
             Last Modified        06/24/2026 15:46:37                                      Deleted Observations  0    
             Protection                                                                    Compressed            NO   
             Data Set Type                                                                 Sorted                YES  
             Label                                                                                                    
             Data Representation  SOLARIS_X86_64, LINUX_X86_64, ALPHA_TRU64, LINUX_IA64                               
             Encoding             latin1  Western (ISO)                                                               


                                                 Engine/Host Dependent Information

                         Data Set Page Size          65536                                                 
                         Number of Data Set Pages    121                                                   
                         First Data Page             1                                                     
                         Max Obs per Page            629                                                   
                         Obs in First Data Page      607                                                   
                         Number of Data Set Repairs  0                                                     
                         Filename                    /tmp/SAS_work754D003EA7E6_cri22in004/diag_imp.sas7bdat
                         Release Created             9.0401M2                                              
                         Host Created                Linux                                                 
                         Inode Number                503321004                                             
                         Access Permission           rw-r-----                                             
                         Owner Name                  jessyjkn                                              
                         File Size (bytes)           7995392                                               


                                             Alphabetic List of Variables and Attributes
 
                                       #    Variable       Type    Len    Format     Informat

                                       3    DX             Char     10                       
                                       4    Dx_CodeType    Char      2                       
                                       2    patid          Char     80                       
                                       1    year           Num       8    BEST12.    BEST32. 


                                                         Sort Information

                                                Sortedby       patid DX Dx_CodeType
                                                Validated      YES                 
                                                Character Set  ASCII               
                                                Sort Option    NODUPKEY            
                                                           The SAS System                         15:46 Wednesday, June 24, 2026   5

                                                       The CONTENTS Procedure

             Data Set Name        WORK.DIAG_IMP                                            Observations          28771
             Member Type          DATA                                                     Variables             4    
             Engine               V9                                                       Indexes               0    
             Created              06/24/2026 15:46:40                                      Observation Length    104  
             Last Modified        06/24/2026 15:46:40                                      Deleted Observations  0    
             Protection                                                                    Compressed            NO   
             Data Set Type                                                                 Sorted                YES  
             Label                                                                                                    
             Data Representation  SOLARIS_X86_64, LINUX_X86_64, ALPHA_TRU64, LINUX_IA64                               
             Encoding             latin1  Western (ISO)                                                               


                                                 Engine/Host Dependent Information

                         Data Set Page Size          65536                                                 
                         Number of Data Set Pages    46                                                    
                         First Data Page             1                                                     
                         Max Obs per Page            629                                                   
                         Obs in First Data Page      607                                                   
                         Number of Data Set Repairs  0                                                     
                         Filename                    /tmp/SAS_work754D003EA7E6_cri22in004/diag_imp.sas7bdat
                         Release Created             9.0401M2                                              
                         Host Created                Linux                                                 
                         Inode Number                503321004                                             
                         Access Permission           rw-r-----                                             
                         Owner Name                  jessyjkn                                              
                         File Size (bytes)           3080192                                               


                                             Alphabetic List of Variables and Attributes
 
                                       #    Variable       Type    Len    Format     Informat

                                       3    DX             Char     10                       
                                       4    Dx_CodeType    Char      2                       
                                       2    patid          Char     80                       
                                       1    year           Num       8    BEST12.    BEST32. 


                                                         Sort Information

                                                Sortedby       patid DX Dx_CodeType
                                                Validated      YES                 
                                                Character Set  ASCII               
                                                Sort Option    NODUPKEY            
                                                           The SAS System                         15:46 Wednesday, June 24, 2026   6

                                                       The CONTENTS Procedure

             Data Set Name        WORK.DIAG_IMP                                            Observations          28372
             Member Type          DATA                                                     Variables             4    
             Engine               V9                                                       Indexes               0    
             Created              06/24/2026 15:46:42                                      Observation Length    104  
             Last Modified        06/24/2026 15:46:42                                      Deleted Observations  0    
             Protection                                                                    Compressed            NO   
             Data Set Type                                                                 Sorted                YES  
             Label                                                                                                    
             Data Representation  SOLARIS_X86_64, LINUX_X86_64, ALPHA_TRU64, LINUX_IA64                               
             Encoding             latin1  Western (ISO)                                                               


                                                 Engine/Host Dependent Information

                         Data Set Page Size          65536                                                 
                         Number of Data Set Pages    46                                                    
                         First Data Page             1                                                     
                         Max Obs per Page            629                                                   
                         Obs in First Data Page      607                                                   
                         Number of Data Set Repairs  0                                                     
                         Filename                    /tmp/SAS_work754D003EA7E6_cri22in004/diag_imp.sas7bdat
                         Release Created             9.0401M2                                              
                         Host Created                Linux                                                 
                         Inode Number                503321004                                             
                         Access Permission           rw-r-----                                             
                         Owner Name                  jessyjkn                                              
                         File Size (bytes)           3080192                                               


                                             Alphabetic List of Variables and Attributes
 
                                       #    Variable       Type    Len    Format     Informat

                                       3    DX             Char     10                       
                                       4    Dx_CodeType    Char      2                       
                                       2    patid          Char     80                       
                                       1    year           Num       8    BEST12.    BEST32. 


                                                         Sort Information

                                                Sortedby       patid DX Dx_CodeType
                                                Validated      YES                 
                                                Character Set  ASCII               
                                                Sort Option    NODUPKEY            
                                                           The SAS System                         15:46 Wednesday, June 24, 2026   7

                                                       The CONTENTS Procedure

             Data Set Name        WORK.DIAG_IMP                                            Observations          11505
             Member Type          DATA                                                     Variables             4    
             Engine               V9                                                       Indexes               0    
             Created              06/24/2026 15:46:43                                      Observation Length    104  
             Last Modified        06/24/2026 15:46:43                                      Deleted Observations  0    
             Protection                                                                    Compressed            NO   
             Data Set Type                                                                 Sorted                YES  
             Label                                                                                                    
             Data Representation  SOLARIS_X86_64, LINUX_X86_64, ALPHA_TRU64, LINUX_IA64                               
             Encoding             latin1  Western (ISO)                                                               


                                                 Engine/Host Dependent Information

                         Data Set Page Size          65536                                                 
                         Number of Data Set Pages    19                                                    
                         First Data Page             1                                                     
                         Max Obs per Page            629                                                   
                         Obs in First Data Page      607                                                   
                         Number of Data Set Repairs  0                                                     
                         Filename                    /tmp/SAS_work754D003EA7E6_cri22in004/diag_imp.sas7bdat
                         Release Created             9.0401M2                                              
                         Host Created                Linux                                                 
                         Inode Number                503321004                                             
                         Access Permission           rw-r-----                                             
                         Owner Name                  jessyjkn                                              
                         File Size (bytes)           1310720                                               


                                             Alphabetic List of Variables and Attributes
 
                                       #    Variable       Type    Len    Format     Informat

                                       3    DX             Char     10                       
                                       4    Dx_CodeType    Char      2                       
                                       2    patid          Char     80                       
                                       1    year           Num       8    BEST12.    BEST32. 


                                                         Sort Information

                                                Sortedby       patid DX Dx_CodeType
                                                Validated      YES                 
                                                Character Set  ASCII               
                                                Sort Option    NODUPKEY            
                                                           The SAS System                         15:46 Wednesday, June 24, 2026   8

                                                       The CONTENTS Procedure

             Data Set Name        WORK.DIAG_IMP                                            Observations          33505
             Member Type          DATA                                                     Variables             4    
             Engine               V9                                                       Indexes               0    
             Created              06/24/2026 15:46:46                                      Observation Length    104  
             Last Modified        06/24/2026 15:46:46                                      Deleted Observations  0    
             Protection                                                                    Compressed            NO   
             Data Set Type                                                                 Sorted                YES  
             Label                                                                                                    
             Data Representation  SOLARIS_X86_64, LINUX_X86_64, ALPHA_TRU64, LINUX_IA64                               
             Encoding             latin1  Western (ISO)                                                               


                                                 Engine/Host Dependent Information

                         Data Set Page Size          65536                                                 
                         Number of Data Set Pages    54                                                    
                         First Data Page             1                                                     
                         Max Obs per Page            629                                                   
                         Obs in First Data Page      607                                                   
                         Number of Data Set Repairs  0                                                     
                         Filename                    /tmp/SAS_work754D003EA7E6_cri22in004/diag_imp.sas7bdat
                         Release Created             9.0401M2                                              
                         Host Created                Linux                                                 
                         Inode Number                503321004                                             
                         Access Permission           rw-r-----                                             
                         Owner Name                  jessyjkn                                              
                         File Size (bytes)           3604480                                               


                                             Alphabetic List of Variables and Attributes
 
                                       #    Variable       Type    Len    Format     Informat

                                       3    DX             Char     10                       
                                       4    Dx_CodeType    Char      2                       
                                       2    patid          Char     80                       
                                       1    year           Num       8    BEST12.    BEST32. 


                                                         Sort Information

                                                Sortedby       patid DX Dx_CodeType
                                                Validated      YES                 
                                                Character Set  ASCII               
                                                Sort Option    NODUPKEY            
